../Src/lcd.c:17:13:delayMs	24	static
../Src/lcd.c:21:13:lcd_set_rs	16	static
../Src/lcd.c:26:13:lcd_set_en	16	static
../Src/lcd.c:31:13:lcd_pulse_en	16	static
../Src/lcd.c:38:13:lcd_write_nibble	16	static
../Src/lcd.c:54:13:lcd_send	24	static
../Src/lcd.c:62:13:lcd_cmd	16	static
../Src/lcd.c:66:13:lcd_data	16	static
../Src/lcd.c:70:6:lcd_init	24	static
../Src/lcd.c:104:6:lcd_clear	8	static
../Src/lcd.c:109:6:lcd_set_cursor	24	static
../Src/lcd.c:114:6:lcd_print	16	static
../Src/lcd.c:120:6:lcd_print_line	24	static
../Src/lcd.c:134:6:lcd_queue_update	24	static
../Src/lcd.c:148:6:lcd_tick	8	static
