../Inc/core_cm0plus.h:751:22:NVIC_EnableIRQ	16	static
../Inc/core_cm0plus.h:810:22:NVIC_SetPriority	24	static
../Src/Parcial2_SD.c:59:5:_write	32	static
../Src/Parcial2_SD.c:71:9:decoder	40	static
../Src/Parcial2_SD.c:76:6:buzzer_on	8	static
../Src/Parcial2_SD.c:77:6:buzzer_off	8	static
../Src/Parcial2_SD.c:82:6:update_time_increment	16	static
../Src/Parcial2_SD.c:92:9:get_hours	16	static
../Src/Parcial2_SD.c:93:9:get_minutes	16	static
../Src/Parcial2_SD.c:94:6:set_hours	16	static
../Src/Parcial2_SD.c:95:6:set_minutes	16	static
../Src/Parcial2_SD.c:96:6:inc_hours	16	static
../Src/Parcial2_SD.c:97:6:dec_hours	32	static
../Src/Parcial2_SD.c:98:6:inc_minutes	16	static
../Src/Parcial2_SD.c:99:6:dec_minutes	32	static
../Src/Parcial2_SD.c:101:9:times_equal_hm	16	static
../Src/Parcial2_SD.c:108:6:terminal_app_update	40	static
../Src/Parcial2_SD.c:160:6:process_serial_key	16	static
../Src/Parcial2_SD.c:201:6:uart2_init	8	static
../Src/Parcial2_SD.c:217:6:USART2_IRQHandler	16	static
../Src/Parcial2_SD.c:227:5:main	16	static,ignoring_inline_asm
../Src/Parcial2_SD.c:331:6:TIM21_IRQHandler	32	static
../Src/Parcial2_SD.c:361:6:SysTick_Handler	8	static
../Src/Parcial2_SD.c:383:6:EXTI4_15_IRQHandler	16	static
