(---------------------------------------------------------------------)
(                                                                     )
(    Shape Island Report                                              )
(                                                                     )
(    Drawing          : kit_stm32.brd                                 )
(    Software Version : 25.1S010                                      )
(    Date/Time        : Mon May 11 21:11:00 2026                      )
(                                                                     )
(---------------------------------------------------------------------)


  Total islands on design: 12


  <<<  ETCH  >>>

    Layer = TOP
	Point on shape: (16.7209 -2.3982)  Net: +3V3
	Point on shape: (-9.3993 -2.4522)  Net: +3V3
	Point on shape: (37.1172 -7.6718)  Net: +3V3
	Point on shape: (25.6143 -7.8587)  Net: +3V3
	Point on shape: (46.5883 -15.5081)  Net: +3V3
	Point on shape: (-55.0078 -38.5507)  Net: +3V3
	Point on shape: (36.6716 41.7965)  Net: +3V3
	Point on shape: (-7.6849 5.6005)  Net: +3V3
	Point on shape: (-4.3330 -1.1323)  Net: +3V3
	Point on shape: (27.4695 -4.5643)  Net: +3V3
	Point on shape: (-2.0593 -6.6027)  Net: +3V3
	Point on shape: (-3.0593 -6.6027)  Net: +3V3
